Open On-Chip Debugger 0.11.0
Licensed under GNU GPL v2
For bug reports, read
	http://openocd.org/doc/doxygen/bugs.html
Info : STLINK V2J46S7 (API v2) VID:PID 0483:3748
Info : Target voltage: 3.104348
Info : Unable to match requested speed 1000 kHz, using 950 kHz
Info : Unable to match requested speed 1000 kHz, using 950 kHz
Info : clock speed 950 kHz
Info : stlink_dap_op_connect(connect)
Info : SWD DPIDR 0x1ba01477
Info : stm32f1x.cpu: hardware has 6 breakpoints, 4 watchpoints
Info : starting gdb server for stm32f1x.cpu on 3333
Info : Listening on port 3333 for gdb connections
target halted due to debug-request, current mode: Thread 
xPSR: 0x01000000 pc: 0x08031fb0 msp: 0x2000c000

============================================================
 VESC STM32F103RCT6 OpenOCD DEBUG READY
============================================================
Backend : ST-LINK DAP-direct / SWD
Target  : Cortex-M3, reset + halted
RTOS    : FreeRTOS awareness enabled
GDB     : localhost:3333
Telnet  : localhost:4444
TCL     : localhost:6666
Fault vector catch: enabled

Useful monitor commands:
  vesc_reset_halt
  vesc_run
  vesc_halt
  vesc_where
  vesc_core_state
  vesc_fault_state
  vesc_nvic_state
  vesc_motor_periph_state
  vesc_profile_5s
  vesc_profile_10s
  vesc_vector_catch_on / vesc_vector_catch_off
============================================================

Info : Listening on port 6666 for tcl connections
Info : Listening on port 4444 for telnet connections
Info : accepting 'gdb' connection on tcp/3333
Error: No symbols for FreeRTOS
Info : device id = 0x10036414
Info : flash size = 256kbytes
Error: FreeRTOS: uxTopUsedPriority is not defined, consult the OpenOCD manual for a work-around
target halted due to debug-request, current mode: Thread 
xPSR: 0x01000000 pc: 0x08031fb0 msp: 0x2000c000
target halted due to debug-request, current mode: Thread 
xPSR: 0x01000000 pc: 0x08031fb0 msp: 0x2000c000
Info : Padding image section 0 at 0x080001e4 with 12 bytes
target halted due to debug-request, current mode: Thread 
xPSR: 0x01000000 pc: 0x080253a8 msp: 0x2000c000
target halted due to debug-request, current mode: Thread 
xPSR: 0x01000000 pc: 0x080253a8 msp: 0x2000c000
shutdown command invoked
